[2026-06-01 10:20] INFO  boot complete, firmware v2.3.1
[2026-06-01 10:20] INFO  RH setpoint=50% hysteresis=3% fan_idle=25% fan_run=65%
[2026-06-01 10:21] TEMP=71.8F RH=47%
[2026-06-01 10:22] TEMP=71.9F RH=48%
[2026-06-01 10:23] TEMP=72.4F RH=48%
[2026-06-01 10:24] TEMP=72.6F RH=54%
[2026-06-01 10:25] INFO  compressor ON (RH 54% > setpoint+hyst 53%)
[2026-06-01 10:26] TEMP=72.1F RH=58%
[2026-06-01 10:27] TEMP=71.7F RH=56%
[2026-06-01 10:28] TEMP=71.4F RH=53%
[2026-06-01 10:29] TEMP=71.2F RH=51%
[2026-06-01 10:30] TEMP=70.9F RH=49%
[2026-06-01 10:31] TEMP=70.8F RH=46%
[2026-06-01 10:32] INFO  compressor OFF (RH 46% < setpoint-hyst 47%)
[2026-06-01 10:33] TEMP=70.9F RH=45%
[2026-06-01 10:34] TEMP=71.0F RH=44%
[2026-06-01 10:35] TEMP=71.2F RH=43%
[2026-06-01 10:36] WARN  RH 43% below comfort band (45-55)
[2026-06-01 10:37] TEMP=71.5F RH=44%
[2026-06-01 10:38] TEMP=71.8F RH=47%
[2026-06-01 10:39] TEMP=72.0F RH=49%
[2026-06-01 10:55] TEMP=73.1F RH=52%
[2026-06-01 10:56] TEMP=73.4F RH=55%
[2026-06-01 10:57] TEMP=73.6F RH=59%
[2026-06-01 10:58] INFO  compressor ON (RH 59% > setpoint+hyst 53%)
[2026-06-01 11:01] TEMP=73.2F RH=57%
[2026-06-01 11:02] ERROR E04 RH sensor read timeout, retry 1 of 3
[2026-06-01 11:02] ERROR E04 RH sensor read timeout, retry 2 of 3
[2026-06-01 11:02] INFO  RH sensor recovered on retry 3
[2026-06-01 11:03] TEMP=73.0F RH=56%
[2026-06-01 11:04] TEMP=72.7F RH=53%
[2026-06-01 11:05] TEMP=72.5F RH=51%
[2026-06-01 11:06] TEMP=72.3F RH=50%
[2026-06-01 11:07] INFO  compressor OFF (RH 50% within band)
